// Jest Snapshot v1, https://goo.gl/fbAQLP

exports[`<FullHeader /> rendering 1`] = `
<DocumentFragment>
  .c0 {
  height: 100vh;
  width: 100%;
  background-size: cover;
  display: -webkit-box;
  display: -webkit-flex;
  display: -ms-flexbox;
  display: flex;
  -webkit-align-items: center;
  -webkit-box-align: center;
  -ms-flex-align: center;
  align-items: center;
  -webkit-box-pack: center;
  -webkit-justify-content: center;
  -ms-flex-pack: center;
  justify-content: center;
  text-align: center;
  background-image: url();
}

.c1 {
  position: relative;
  width: 100%;
  z-index: 2;
}

<header
    class="c0"
    data-testid="header"
  >
    <div
      class="c1"
    />
  </header>
</DocumentFragment>
`;
